Archive member included       because of file (symbol)

../lib/libddx.a(badpix_fwSearch.o)
                              TestApiReg.o (badpix_Search)
../lib/libddx.a(hwOV3620_ObCheck.o)
                              TestApiReg.o (menuOV3620_OBCalibration)
../lib/libsmc.a(smctest.o)    xiaoao.o (smcCmdReliableTest)
../lib/libsmc.a(nand.o)       main.o (nandDetect)
../lib/libsmc.a(nand_buf.o)   ../lib/libsmc.a(nand.o) (nandBufInit)
../lib/libsmc.a(nand_adv.o)   ../lib/libsmc.a(nand.o) (nandAdvDmaRead)
../lib/libsmc.a(smccore.o)    ../lib/libsmc.a(smctest.o) (smcDev)
../lib/libsmc.a(smc_rw.o)     ../lib/libsmc.a(nand.o) (smcDmaRead)
../lib/libsmc.a(smc_buf.o)    ../lib/libsmc.a(smccore.o) (smcBufInit)
../lib/libsmc.a(smc_fmt.o)    ../lib/libsmc.a(smccore.o) (cisPage)
../lib/libsmc.a(hw_smc.o)     ../lib/libsmc.a(nand.o) (hwNandIdRead)
../lib/libsmc.a(xd.o)         ../lib/libsmc.a(smccore.o) (xdDevConfirm)
../lib/libsmc.a(nand_bad_blk.o)
                              ../lib/libsmc.a(smc_rw.o) (nandBadLimitGet)
../lib/libsd.a(sd_core.o)     card.o (sdDetect)
../lib/libsd.a(hw_sd.o)       ../lib/libsd.a(sd_core.o) (hwSdInit)
../lib/libotg.a(otg_init.o)   main.o (otgInit)
../lib/libotg.a(otg_enumer.o)
                              ../lib/libotg.a(otg_init.o) (otgEnumerate)
../lib/libotg.a(otg_hostdrv.o)
                              ../lib/libotg.a(otg_init.o) (otgHostDrvInit)
../lib/libotg.a(otg_hostxfr.o)
                              ../lib/libotg.a(otg_init.o) (hostTxfrInit)
../lib/libotg.a(hostdrv_msdcbo_de.o)
                              ../lib/libotg.a(otg_hostdrv.o) (hostDrv_MsdcBo_DriverEntry)
../lib/libotg.a(hostdrv_msdcdrv.o)
                              ../lib/libotg.a(otg_hostdrv.o) (hostDrv_Msdc_DriverInit)
../lib/libotg.a(hostdrv_msdccmd.o)
                              ../lib/libotg.a(hostdrv_msdcdrv.o) (hostDrv_MsdcCmd_00_TestUnitReady)
../lib/libotg.a(hostdrv_msdcmnt.o)
                              main.o (otgReg_MsdcMnt)
../lib/libotg.a(otg_descfunc.o)
                              ../lib/libotg.a(otg_enumer.o) (checkDeviceDesc)
../lib/libusb.a(usb_init.o)   main.o (usbInit)
../lib/libusb.a(sidc_init.o)  ../lib/libusb.a(usb_init.o) (psidcTNRoot)
../lib/libusb.a(usb_ctrl.o)   ../lib/libusb.a(usb_init.o) (initPktQue)
../lib/libusb.a(ctlsetup.o)   ../lib/libusb.a(usb_ctrl.o) (pUsbCtrlCommand)
../lib/libusb.a(ctlin.o)      ../lib/libusb.a(usb_ctrl.o) (CTLIN_InData)
../lib/libusb.a(ctlout.o)     ../lib/libusb.a(usb_ctrl.o) (CTLOUT_PreOutData)
../lib/libusb.a(stdreq.o)     ../lib/libusb.a(usb_init.o) (USB_PCCAM_DeviceDescriptor)
../lib/libusb.a(usb_mode.o)   ../lib/libusb.a(usb_init.o) (usbSpeedModeSet)
../lib/libusb.a(msdc_ctrl.o)  card.o (usbLunInit)
../lib/libusb.a(msdc_bofunc.o)
                              ../lib/libusb.a(msdc_ctrl.o) (USBMSDC_BoBulkStall)
../lib/libusb.a(msdc_funcreg.o)
                              ../lib/libusb.a(msdc_ctrl.o) (msdcCB_PostOutDataCmdCall)
../lib/libusb.a(scsi.o)       ../lib/libusb.a(msdc_bofunc.o) (SCSICMD_TestUnitReady)
../lib/libusb.a(vndreq.o)     ../lib/libusb.a(ctlsetup.o) (VNDREQ_NoDataPhase)
../lib/libusb.a(clsreq.o)     ../lib/libusb.a(ctlin.o) (CLSREQ_PreInDataPhase)
../lib/libusb.a(sidc_ctrl.o)  ../lib/libusb.a(usb_mode.o) (sidcChangePhase)
../lib/libusb.a(sidc_bofunc.o)
                              ../lib/libusb.a(sidc_ctrl.o) (USBSIDC_BoBulkStall)
../lib/libusb.a(pima.o)       ../lib/libusb.a(sidc_bofunc.o) (PIMA_GetTNObjFormat)
../lib/libusb.a(pimafile.o)   ../lib/libusb.a(pima.o) (PIMAFILE_GetStorageIDs)
../lib/libusb.a(usb_cust.o)   ../lib/libusb.a(stdreq.o) (usbAudioEnable)
../lib/libusb.a(usb_funcreg.o)
                              main.o (usbFuncReg_MsdcBeforeRead)
../lib/libusb.a(usb_dpc.o)    ../lib/libusb.a(vndreq.o) (usbDPCNandRsvRWBufSet)
../lib/libusb.a(usb_reset.o)  ../lib/libusb.a(usb_init.o) (usbResetTask)
../lib/libusb.a(usb_dps.o)    ../lib/libusb.a(sidc_init.o) (pDpsUtilFuncs)
../lib/libusb.a(usb_ver.o)    ../lib/libusb.a(vndreq.o) (usbLibVersionGet)
../lib/libusb.a(usb_cmd.o)    ../lib/libusb.a(usb_init.o) (usbCmd)
../lib/libdps.a(dps_dscaction.o)
                              menu_capture.o (dpsDbg_JobListPrint)
../lib/libdps.a(dps_apiop.o)  menu_capture.o (dpsPrtCapabilityGet)
../lib/libdps.a(dps_init.o)   ../lib/libdps.a(dps_dscaction.o) (dpsReqestSem)
../lib/libdps.a(dps_treefunc.o)
                              ../lib/libdps.a(dps_dscaction.o) (dpsXMLTreeData2Buf)
../lib/libdps.a(dps_datafunc.o)
                              ../lib/libdps.a(dps_dscaction.o) (dpsXmlTreeElmDataSet)
../lib/libdps.a(dps_xmlparser.o)
                              ../lib/libdps.a(dps_dscaction.o) (dpsXmlElmNew)
../lib/libdps.a(dps_xmltemplate.o)
                              ../lib/libdps.a(dps_dscaction.o) (dpsXmlTemplate_In_ConfigurePrintService)
../lib/libdps.a(dps_util.o)   ../lib/libdps.a(dps_init.o) (dpsCheckFileName)
../lib/libdps.a(dps_prtaction.o)
[...]
Memory Configuration

Name             Origin             Length             Attributes
*default*        0x00000000         0xffffffff

Linker script and memory map

LOAD crt0.o
LOAD except.o
LOAD init.o
LOAD main.o
LOAD sys_init.o
LOAD irq_handler.o
LOAD card.o
LOAD appdohwfunc.o
LOAD gpio.o
LOAD osd_main.o
LOAD ui_main.o
LOAD ui_preview.o
LOAD ui_mainmenu.o
LOAD ui_movie.o
LOAD ui_playback.o
LOAD ui_setup.o
LOAD ui_mp3.o
LOAD ui_record.o
LOAD exif_custom.o
LOAD sys_info.o
LOAD hw_front_tv656.o
LOAD hw_front_saa7113.o
LOAD i2c.o
LOAD hw_cdsp_custom.o
LOAD menu_capture.o
LOAD badpix.o
LOAD LC15004.o
LOAD panel.o
LOAD disp_ser_ctrl.o
LOAD stillpb_custom.o
LOAD xiaoao.o
LOAD q_table.o
LOAD menu_playback.o
LOAD ui_accessories.o
LOAD ui_photo.o
LOAD uistrings.o
LOAD dps_custom.o
LOAD tv_ov.o
LOAD snap_custom.o
LOAD TestApiReg.o
LOAD uart1.o
LOAD uart.o
LOAD aaa.o
LOAD aaa_api.o
LOAD hw_front_ov9650.o
LOAD ebook.o
LOAD io.o
LOAD ../lib/libcmd.a
LOAD ../lib/libddx.a
LOAD ../lib/libsmc.a
LOAD ../lib/libsd.a
LOAD ../lib/libotg.a
LOAD ../lib/libusb.a
LOAD ../lib/libdps.a
LOAD ../lib/libsnap.a
LOAD ../lib/libdpof.a
LOAD ../lib/libdcf.a
LOAD ../lib/libdsp.a
LOAD ../lib/libspe.a
LOAD ../lib/libmisc.a
LOAD ../lib/lib2bdp.a
LOAD ../lib/libbnd.a
LOAD ../lib/libexif.a
LOAD ../lib/libasf.a
LOAD ../lib/libmov.a
LOAD ../lib/libgame.a
LOAD ../lib/libavi.a
LOAD ../lib/libaud.a
LOAD ../lib/libvfs.a
LOAD ../lib/libos.a
LOAD ../lib/libutil.a
LOAD ../lib/libhw.a
LOAD ../lib/libos.a
LOAD ../lib/libosd.a
LOAD ../lib/libsysg.a
LOAD ../lib/libpub.a
LOAD ../lib/libmp3.a
LOAD ../lib/libmp2.a
LOAD ../lib/libmp3en.a
LOAD ../lib/libvfs.a
LOAD ../lib/libcf.a
LOAD ../lib/libms.a
LOAD ../lib/libaac.a
LOAD ../lib/libhwcdsptool.a
LOAD ../lib/libwma.a
LOAD ../lib/libwmad.a
LOAD ../lib/libeffect.a
LOAD ../lib/libaffix.a
LOAD ../lib/libws9712.a
LOAD ../lib/liblrc.a
LOAD ../lib/libres.a
LOAD c:\Progra~1\Sunplus\MIDE\bin\..\lib\gcc-lib\mipsel-sunplus-elf\3.0\..\..\..\..\mipsel-sunplus-elf\lib\libc.a
LOAD c:\Progra~1\Sunplus\MIDE\bin\..\lib\gcc-lib\mipsel-sunplus-elf\3.0\..\..\..\..\mipsel-sunplus-elf\lib\libg.a
LOAD c:\Progra~1\Sunplus\MIDE\bin\..\lib\gcc-lib\mipsel-sunplus-elf\3.0\..\..\..\..\mipsel-sunplus-elf\lib\libm.a
LOAD c:\Progra~1\Sunplus\MIDE\bin\..\lib\gcc-lib\mipsel-sunplus-elf\3.0\libgcc.a
LOAD c:\Progra~1\Sunplus\MIDE\bin\..\lib\gcc-lib\mipsel-sunplus-elf\3.0\libgcc.a
                0xd0008000                PROVIDE (__stack, 0xd0008000)

.rom            0x8c010000      0x800
 crt0.o(.text)
 .text          0x8c010000       0x1c crt0.o
                0x8c010000                start
 *fill*         0x8c01001c       0x64
                0x8c010080                .=ALIGN(0x80)
 crt0.o(.exceptRam)
 .exceptRam     0x8c010080       0x18 crt0.o
 *fill*         0x8c010098       0x68
                0x8c010100                .=ALIGN(0x100)
 *fill*         0x8c010100       0x80
                0x8c010200                .=(.+0x80)
 crt0.o(.exceptRom)
 .exceptRom     0x8c010180      0x27c crt0.o
 init.o(.text)
 .text          0x8c0103fc       0xd8 init.o
                0x8c0103fc                __init
 *fill*         0x8c0104d4      0x32c
                0x8c010800                .=ALIGN(0x400)
                0x8c010800                _erom=.

.imem           0x8c010800        0x0 load address 0x8c010800
                0x8c010800                _text=.
 *(.imem)
                0x8c010800                .=ALIGN(0x10)

.text           0x8c010800    0xea130 load address 0x8c010800
 *(.text)
 .text          0x8c010800      0x1b4 except.o
                0x8c010800                interrupt
 .text          0x8c0109b4      0x484 main.o
                0x8c0109b4                __main
                0x8c010e10                uiCustomVersionGet
                0x8c010df8                UI_PccamStart
                0x8c010e08                customerCmd
                0x8c010e30                dirInit
 .text          0x8c010e38       0xac sys_init.o
                0x8c010e38                sysMemInit
 .text          0x8c010ee4      0x124 irq_handler.o
                0x8c010fd4                irqInit
                0x8c010ee4                irqProcess
                0x8c010f54                irqIsrReg
                0x8c010fcc                irqLbusErrHandler
 .text          0x8c011008      0x46c card.o
                0x8c01141c                cardPwrMSNotSet
                0x8c01145c                isCardExist
                0x8c011008                cardDetect
                0x8c011400                cardSelectionGet
                0x8c01143c                cardPwrMSSet
                0x8c01115c                cardRmvIsr
                0x8c011188                cardMountTask
                0x8c011468                isCardProtect
                0x8c01140c                cardValidCheck
                0x8c011130                cardInsIsr
 .text          0x8c011474      0x1fc appdohwfunc.o
                0x8c01152c                App_DoL1Function_Preview
                0x8c0115c0                appDoHwFunc
                0x8c011564                App_DoL2Function_Front
                0x8c011474                appDoL1Function_PC
 .text          0x8c011670     0x17a8 gpio.o
                0x8c012c30                LowBatDetectColse
                0x8c011670                uiShowBatteryLevelIcon
                0x8c012494                UI_OSQFlush
                0x8c012244                F_CloseScreenFunc
                0x8c0124dc                DcJackDetect
                0x8c011e10                F_ScanEarStatus
                0x8c011a88                F_SetSeriesKey
                0x8c011f74                F_ScanUSBStatus
                0x8c012518                InitBatteryValue
                0x8c012190                F_ScanPowerKey
                0x8c0120bc                F_GetBatteryADValue
                0x8c011fc0                F_OpenPowerDetect
                0x8c0128d4                PostKeyInQue
                0x8c012404                ShowGoodBye
                0x8c012560                LowBatDetect
                0x8c011888                gpioInit
                0x8c0129a4                BatteryValueRead
                0x8c011a94                F_ScanGeneralKey
                0x8c011a48                keyScanTask
 .text          0x8c012e18       0x34 osd_main.o
                0x8c012e18                osdCustomInit
 .text          0x8c012e4c     0x89d0 ui_main.o
                0x8c018868                MANUAL_TESTMODE
                0x8c015918                setUart0Baud
                0x8c013674                readSlaveAD1271
                0x8c0162e0                readVid16Data
                0x8c014f80                readBoardIO
                0x8c014a6c                myGetDevFreeSize
                0x8c014f54                F_GetFreq
                0x8c013fb4                performCommandPLC
                0x8c0158e8                waitUart0Idle
                0x8c0132ec                handSendByte
                0x8c015d34                saveTestData
                0x8c0144b0                hexStrToi
                0x8c01543c                F_DealUrgent1
                0x8c0159d8                F_Set232Port
                0x8c016778                readTti1906Data
                0x8c014fe8                F_SetAcIn1
                0x8c016f80                readPara
                0x8c0137dc                readSlaveAD458
                0x8c015ba8                nextData
                0x8c016554                readIt8500Data
                0x8c01394c                setSlaveLayer
                0x8c016bb4                getModuleName
                0x8c0161b8                myIt8500Val
                0x8c013654                delay100us
                0x8c013130                gpioSetReq
                0x8c0181bc                uiUsbMode
                0x8c013d78                myXdcfCopyDisk
                0x8c016acc                sendTti232Cmd
                0x8c015ac8                nextStep
                0x8c015738                myHwWait1
                0x8c014438                F_Uart1ReturnErr
                0x8c015140                F_DealUrgent0
                0x8c013020                myGetGpio
                0x8c013a38                myReadFilename
                0x8c013f30                mp3_GetFileList
                0x8c013b60                myGetSingleDayDL
                0x8c0160e4                myVid16Val
                0x8c016ef4                decStrToi
                0x8c0184b8                initTgGpio
                0x8c01501c                F_SetAcIn2
                0x8c018184                keyGet
                0x8c014548                commLevi
                0x8c0143a0                F_Uart1ReturnMsg
                0x8c014efc                F_GetKey
                0x8c015050                F_SetSW1
                0x8c01620c                myTti1906Val
                0x8c01345c                handReceiveByte
                0x8c017f6c                writeParadelaytime
                0x8c0131f8                gpioSetSdata
                0x8c0150b8                F_DefaultQ
                0x8c013ce4                myXdcfDelFile
                0x8c012e4c                mySetGpio
                0x8c015084                F_SetTp201
                0x8c017b6c                readParadelaytime
                0x8c015810                myHwWait2
                0x8c018b9c                uiTask
                0x8c0139d0                myUpper
                0x8c014ad4                mySaveDataOnce
                0x8c013aac                myFindFile
                0x8c0169a0                sendPow232Cmd
                0x8c0175dc                writePara
                0x8c0169f8                sendEl232Cmd
                0x8c014f28                F_GetKey2
                0x8c0184f8                uiInit
                0x8c015984                uart0Printf
                0x8c013894                getSlaveTime
 .text          0x8c01b81c     0x1f60 ui_preview.o
                0x8c01b81c                uiPreviewStill
                0x8c01cae8                dc_PlaybackImage
                0x8c01c63c                DisplayFocusIcon
                0x8c01d658                PlayEffectSound
                0x8c01c1e0                DisplayPVIcon
                0x8c01c70c                selfTimeDownCount
                0x8c01d2fc                dc_DisplayMultiImage
                0x8c01c8c4                dc_BrowseImage
                0x8c01c128                DisplayFlashIcon
                0x8c01d0e8                dc_DisplayImage
                0x8c01c048                DisplayZoomIcon
 .text          0x8c01d77c      0x6b0 ui_mainmenu.o
                0x8c01d848                pbOpenMove
                0x8c01d77c                pbMainMenu_Text
                0x8c01dd8c                ui_ModeSwitch
                0x8c01d8d4                pbMainMenu_ICON
                0x8c01d9d4                pbDisplayCleFile_Ico
                0x8c01d99c                pbDisplaySelFile_Ico
                0x8c01d950                pbDisplayMp4_Ico
                0x8c01d920                pbMainBack
                0x8c01d7ec                pbMainMenu_Move
                0x8c01da0c                uiMainMenu
 .text          0x8c01de2c     0x2c84 ui_movie.o
                0x8c01f63c                dv_osdAutoDisp
                0x8c020394                scene_ASFClip
                0x8c01e608                VideoClipPlaySet
                0x8c020020                dv_Playback
                0x8c01eed0                DisplayMovieInfo
                0x8c01f350                DispMovieProgress
                0x8c01f6dc                PlaybackMovie
                0x8c01f1dc                dv_osdHProgressDraw
                0x8c01e7c4                DisplayRecodeTime
                0x8c01e978                DisplayMVIcon
                0x8c01e6f8                RecordLengthGet
                0x8c01de2c                uiPreviewMovie
 .text          0x8c020ab0     0x1bdc ui_playback.o
                0x8c021478                pbSetVolume
                0x8c0212e4                F_Mp4MenuFunc
                0x8c022150                involuteplaymp4
                0x8c02166c                F_Mp4OpenOsd
                0x8c0214f0                SetVolumValue
                0x8c020ab0                uiPlayMP4
                0x8c0214f8                pbVolumWindowRfsh
                0x8c02169c                F_PlayMp4
                0x8c020d50                F_Mp4FileListRefresh
                0x8c02247c                F_Mp4ProgressDraw
                0x8c0221cc                F_Mp4IconRefresh
 .text          0x8c02268c     0x3210 ui_setup.o
                0x8c023e58                RayFreqSet
                0x8c022700                Pb_Title
                0x8c02300c                SystemTimeDisp
                0x8c023308                TimeSet
                0x8c02268c                SetGetString
                0x8c0245e4                AutoPowerOffSet
                0x8c0239a8                SpeakerSet
                0x8c025168                DefaultSet
                0x8c022d80                pb_ItemIcon
                0x8c022784                pb_subItem
                0x8c024e64                TVoutSet
                0x8c022fb8                SystemTimeInit
                0x8c02299c                Pb_Options
                0x8c0242f4                LanguageSet
                0x8c023c8c                SplashSet
                0x8c022d88                pb_OptionItem
                0x8c022b78                Pb_OpenModeItems
                0x8c0247cc                storageFormat
                0x8c023b88                Version
                0x8c022878                pb_Item
                0x8c025314                uiSetup
                0x8c0249fc                Formatset
                0x8c024064                DispMenuText
                0x8c02455c                AutoTimeOff
                0x8c025610                DcTestMode
                0x8c023ff0                InitLanguageSet
                0x8c024bd0                StorageSet
 .text          0x8c02589c     0x4a50 ui_mp3.o
                0x8c027f74                F_PlayMp3
                0x8c029f9c                RefurbishBatterGaugeFunc
                0x8c0269f0                F_Mp3MenuProtect
                0x8c029aa0                osdaudiotimeShow
                0x8c026cd0                F_Mp3MenuMode
                0x8c027394                F_Mp3MenuModeImage
                0x8c027cd0                uiMP3Refresh
                0x8c029d88                F_CutLongNameToShortName
                0x8c0271c8                F_Mp3MenuProtectImage
                0x8c027650                F_Mp3MenuDisProtectDeal
                0x8c025a00                mp3FileTotalTimeGet
                0x8c02865c                pbPlayWAV
                0x8c02a100                wma_get_total_time
                0x8c029e3c                ws9712EqSet
                0x8c028a54                F_OpenLCD
                0x8c0299f0                uiFindValidDir
                0x8c02729c                F_Mp3MenuDisProtectImage
                0x8c027a50                F_Mp3DelAllFile
                0x8c026b60                F_Mp3MenuDisProtect
                0x8c028a14                F_AutoCloseLCD
                0x8c02793c                F_Mp3DelSingleFile
                0x8c029018                F_OpentrmEnable
                0x8c027b00                F_Mp3ProtectSingleFile
                0x8c02610c                F_Mp3IconRefresh
                0x8c026740                F_LRCDis
                0x8c026578                F_ProgressDis
                0x8c027578                F_Mp3MenuDelDeal
                0x8c027778                F_Mp3MenuFunc
                0x8c029d14                F_Mp3GetString
                0x8c029c80                F_Mp3SetVolum
                0x8c025ac4                pbFileListWindowRfsh
                0x8c025998                pbShowFileNum
                0x8c027c58                F_Mp3DisProtectAllFile
                0x8c025918                F_DisplayLoadString
                0x8c0290a0                F_Mp3KeyDeal
                0x8c029ff4                mp3_CheckFileFormat
                0x8c0281c0                pbAudioInfoGet
                0x8c027be8                F_Mp3DisProtectSingleFile
                0x8c029cc8                F_UserKeyGet
                0x8c027104                F_Mp3MenuDelImage
                0x8c028a8c                pbMP3Play
                0x8c026ea8                F_Mp3AutoCloseLCD
                0x8c02589c                pbRepeatWindowRfsh
                0x8c027b70                F_Mp3ProtectAllFile
                0x8c027498                F_Mp3MenuAutoCloseLCDImage
                0x8c0276bc                F_Mp3MenuModeDeal
                0x8c027cec                uiMP3Play
                0x8c026880                F_Mp3MenuDel
                0x8c0275e4                F_Mp3MenuProtectDeal
                0x8c0276f8                F_Mp3MenuAutoCloseLCD
 .text          0x8c02a2ec     0x1fd0 ui_record.o
                0x8c02b99c                pbRecord_wav
                0x8c02a2ec                Pb_RecordPlay
                0x8c02beec                PlaybackKey_playing
                0x8c02b7cc                pbPlayback_wav
                0x8c02af34                pbRecordFileInfo
                0x8c02a800                pbRecordShow
                0x8c02c1a8                MsgShow
                0x8c02c250                GetRecordString
                0x8c02b71c                pbRecordModeSelect
                0x8c02a344                uiRecord
                0x8c02b5c4                osdIconDisp_Play
                0x8c02bcb4                pbPlayRecord_wav
                0x8c02a97c                pbRecordFileList
                0x8c02b5a8                modifyDisplayVol_flag
                0x8c02a7d4                pbShowMP3RecordBG
                0x8c02b454                pbPlayback_Time
                0x8c02b38c                osdPlayProgressDraw
 .text          0x8c02c2bc      0x21c exif_custom.o
                0x8c02c2bc                exifTagInsCallback
                0x8c02c3d0                exifTagRmvCallback
                0x8c02c3f4                exifTagSaveCallback
                0x8c02c3fc                exifTagModifyCallback
 .text          0x8c02c4d8       0xe4 sys_info.o
                0x8c02c4fc                sysMemInfoPrint
                0x8c02c4d8                sysInfoPrint
 .text          0x8c02c5bc      0x1a4 hw_front_tv656.o
                0x8c02c6a0                hwFrontSnap_tv656
                0x8c02c738                hwFrontExtMonitorSizeGet_tv656
                0x8c02c6dc                hwFrontGainSet_tv656
                0x8c02c6cc                hwFrontPreviewSet_tv656
                0x8c02c744                hwFrontSensorSizeGet_tv656
                0x8c02c6ec                hwFrontFrameRateSet_tv656
                0x8c02c704                hwFrontCcdAFSet_tv656
                0x8c02c70c                hwFrontLensInit_tv656
                0x8c02c6d4                hwFrontFullSet_tv656
                0x8c02c724                hwFrontMaxMonitorSizeGet_tv656
                0x8c02c6fc                hwFrontSuspend_tv656
                0x8c02c758                hwFrontSensorTypeGet_tv656
                0x8c02c6f4                hwFrontSerialInit_tv656
                0x8c02c71c                hwFrontExpTimeGainSet_tv656
                0x8c02c6e4                hwFrontExpTimeSet_tv656
                0x8c02c5bc                hwFrontInit_tv656
                0x8c02c714                hwFrontMSOpen_tv656
 .text          0x8c02c760      0x158 hw_front_saa7113.o
                0x8c02c760                i2cWriteTab
                0x8c02c7f4                saa7113Init
 .text          0x8c02c8b8      0x4f0 i2c.o
                0x8c02c8d4                i2c_delay64us
                0x8c02cbd0                i2c_nack
                0x8c02cc0c                i2c_ack
                0x8c02cb14                i2c_receive
                0x8c02c8f0                i2c_start
                0x8c02c94c                i2c_stop
                0x8c02cc48                wr_byt_i2c
                0x8c02cd08                re_byt_i2c
                0x8c02c99c                i2c_init
                0x8c02c8b8                i2c_delay
                0x8c02ca08                i2c_send
                0x8c02c9c4                i2c_clock
 .text          0x8c02cda8      0x4d4 hw_cdsp_custom.o
                0x8c02cda8                hwCdspInit
 .text          0x8c02d27c     0x6004 menu_capture.o
                0x8c02f270                menuASFMICSet
                0x8c032db0                menuPBImageProc
                0x8c031fcc                osdPrintOneSetUI
                0x8c0311c8                GetMsgString
                0x8c02d568                DisplayMenuText
                0x8c02ec1c                menuEffectSet
                0x8c030fa8                menuDpofInit
                0x8c02d534                ClearMenuContent
                0x8c02ee88                menuEffectProc
                0x8c032d38                menuPBImageInit
                0x8c032950                menuAutoProc
                0x8c02f2f4                ImageSizeSelect
                0x8c02e880                menuAWBInit
                0x8c02db74                menuCaptureModeSet
                0x8c02f1a0                menuSharpnessSet
                0x8c031b28                PictBridgeSinglePrint
                0x8c030e98                menuPrintInit
                0x8c0308d8                menuPreviewProc
                0x8c030c78                menuDcProtectInit
                0x8c02e51c                menuVideoQualityInit
                0x8c031dd8                PBPrintingOneInit
                0x8c02d8b4                ChangeQtable
                0x8c032f98                menuPBMovieProc
                0x8c02ed84                DisplayCaptureEv
                0x8c02f230                menuISOSet
                0x8c031e74                PaperSizeOSD
                0x8c02ee6c                menuEffectProcInit
                0x8c02d27c                dc_GetString
                0x8c0301a4                menuMvEVSetInit
                0x8c02fd78                menuEVSetInit
                0x8c02e088                menuNightSceneInit
                0x8c0307ec                SnapImageSizeSet
                0x8c0310b8                menuAutoInit
                0x8c02e2d8                menuPictureQualitySet
                0x8c02e268                menuPictureQualityInit
                0x8c0316dc                menuNoProtectProc
                0x8c02d368                MenuIconDisp
                0x8c03311c                IsSetOpenProc
                0x8c030b68                menuDeleteInit
                0x8c02e8d0                menuAWBSet
                0x8c030d88                menuNoProtectInit
                0x8c02ebc8                menuEffectInit
                0x8c02fba0                menuDateStampInit
                0x8c02e828                videoQTidxInit
                0x8c02db4c                menuCaptureModeInit
                0x8c032f2c                menuPBMovieInit
                0x8c02fbcc                menuDateStampSet
                0x8c02df3c                menuMvSelfShotSet
                0x8c02e7d0                captureQTidxInit
                0x8c030878                menuPreviewInit
                0x8c030624                menuImageSizeSet
                0x8c02e0b0                menuNightSceneSet
                0x8c032948                menuPrintProc
                0x8c0313ec                menuDeleteProc
                0x8c02fda8                menuEVSet
                0x8c031e08                paperSizeSet
                0x8c02dda0                menuSelfShotSet
                0x8c032b90                menuOpenProc
                0x8c03123c                MessageShow
                0x8c0309f4                menuMovieInit
                0x8c0301d4                menuMvEVSet
                0x8c03239c                PrintOneSet
                0x8c0317ec                PictBridgeMultiPrint
                0x8c02d784                menuPcConnectProc
                0x8c02f86c                snapFileSizeControl
                0x8c032174                osdPrintAllSetUI
                0x8c02d2f0                DisplayMenuBack
                0x8c031140                menuOpenInit
                0x8c030a54                menuMovieProc
                0x8c02e58c                menuVideoQualitySet
                0x8c02f218                menuISOInit
                0x8c02ea28                movieSpecialEffectSet
                0x8c0305d0                menuImageSizeInit
                0x8c031af8                PBPrintingAllInit
                0x8c0326a0                PrintAllSet
                0x8c02d6ec                menuPcConnectInit
                0x8c02f258                menuASFMICInit
                0x8c02f4d0                QtableMove
                0x8c02dd50                menuSelfShotInit
                0x8c02deec                menuMvSelfShotInit
                0x8c02f18c                menuSharpnessInit
                0x8c0315d8                menuProtectProc
 .text          0x8c033280      0x2fc badpix.o
                0x8c0332e0                badPixelRsvBlkLoad
                0x8c033388                badPixelWriteToRsvBlk
                0x8c033528                badPixelStillEnable
                0x8c0333fc                badPixelStillModeCel
                0x8c033280                badPixelInit
                0x8c033544                badPixelStillDisable
 .text          0x8c03357c      0xb70 panel.o
                0x8c033c20                panelSelect
                0x8c0337e8                SetTDLcdParameter
                0x8c033fd4                getCurPanel
                0x8c03357c                WriteLcdReg
                0x8c033884                panelMainSelect
                0x8c033fe0                PNL_PlaybackSet
                0x8c033848                OpenLcdDisplay
                0x8c034090                PanelColorSet
                0x8c034038                PNL_PreviewSet
                0x8c0336f0                LcdInit
 .text          0x8c0340ec       0xe4 disp_ser_ctrl.o
                0x8c0340ec                DispSerialCtrl
 .text          0x8c0341d0       0xa0 stillpb_custom.o
                0x8c0341d0                stillPbQVCallback
 .text          0x8c034270     0x5410 xiaoao.o
                0x8c035698                hisTimeDisp
                0x8c034bcc                otgDMCtrl
                0x8c035658                F_ScanCard
                0x8c036758                osdStrDisp_K
                0x8c039050                OsdHWAddrSet
                0x8c036100                osdStrDisp_S
                0x8c03962c                F_CheckLanguage
                0x8c034a30                host_DPCtrl
                0x8c0383a8                hisTask
                0x8c038f7c                osdFWBuffChange
                0x8c03460c                gpioGetByte
                0x8c0387a8                osdButtonDraw
                0x8c037c2c                F_osdLRCDisp_K
                0x8c038c04                openScreen
                0x8c034784                uiUsbPlugIn
                0x8c03466c                gpioGetKeyByte
                0x8c0392fc                Playedtime
                0x8c039000                OsdFWAddrSet
                0x8c034724                gpioIrqRmv
                0x8c034270                pbIconMenuBG
                0x8c03915c                usbResumeCallback
                0x8c036328                osdStrDisp_C
                0x8c034ee4                nandReadParameters
                0x8c034a8c                host_DMCtrl
                0x8c0372c4                osdStrDispExt_K
                0x8c034a00                uiUSBLedOff
                0x8c036e7c                osdStrDispExt_C
                0x8c039090                osdHWBuffChange
                0x8c0343bc                gpioConfig
                0x8c035568                hisIconDisp
                0x8c0342a0                pbDisplayMenuWord
                0x8c0354ac                defautParameters
                0x8c03477c                Buzzer
                0x8c036040                osdFontLoad
                0x8c034534                gpioSetSts
                0x8c0348e0                PowerOffSystem
                0x8c038b7c                uiDispBuffFill
                0x8c034ca0                otgMount
                0x8c034d40                otgUnmount
                0x8c037788                F_osdLRCDisp_C
                0x8c036c04                osdStrDisp
                0x8c0387b0                osdHProgressDraw
                0x8c038f5c                smcDiskScan
                0x8c038110                F_osdLRCDisp_S
                0x8c0359c8                osdIconDisp
                0x8c0395e4                IsSDProtect
                0x8c035920                osdAutoDisp
                0x8c0395c4                uiTVPlugOut
                0x8c0349d0                uiUSBLedOn
                0x8c035eb0                osdFontLoad_K
                0x8c034b48                otgDPCtrl
                0x8c034814                uiUsbPlugOut
                0x8c039640                F_STRCTRL
                0x8c038f1c                volSet
                0x8c038e50                pbImagePaste
                0x8c0383e0                osdHistogramDraw
                0x8c034ae8                host_PowerCtrl
                0x8c039108                usbSuspendCallback
                0x8c0369e4                osdStrDisp_R
                0x8c038358                F_osdLRCDisp
                0x8c0342fc                gpioFuncSet
                0x8c037518                osdStrDispExt_R
                0x8c03899c                osdVProgressDraw
                0x8c034da4                nandWriteParameters
                0x8c034b40                otgPowerCtrl
                0x8c0357c8                osdLcdDisp
                0x8c039198                DateDisplay
                0x8c03959c                uiTVPlugDet
                0x8c0345a0                gpioGet
                0x8c037ecc                F_osdLRCDisp_R
                0x8c034998                uiUSBMsdcWp
                0x8c037738                osdStrDispExt
                0x8c038d14                buttonAudio
                0x8c0346cc                gpioIrqReg
                0x8c0395bc                uiTVPlugIn
                0x8c036c3c                osdStrDispExt_S
                0x8c034c50                StorageSel
                0x8c034478                gpioSet
 .text          0x8c039680      0xa80 menu_playback.o
                0x8c039f84                menuProtectInit
                0x8c039680                readOnlyFileErase
                0x8c03971c                pbFileRotate
                0x8c0396b0                pbFolderRfsh
                0x8c0396f0                isHideMenu
                0x8c039f44                menuSlideImageInit
                0x8c0396e8                menuDPOF
                0x8c039f8c                menuReturn
                0x8c0396a8                menuSlideStart
                0x8c0396d8                menuProtect
                0x8c0396a0                menuSlideRpt
                0x8c0396e0                menuC2C
                0x8c0396c0                menuResize
                0x8c039688                menuDelImageSet
                0x8c0396fc                pbCopyAFile
                0x8c039698                menuSlideImg
                0x8c039690                menuSlideIntvl
                0x8c0396c8                menuRotate
                0x8c039f5c                menuSlideRepeatInit
                0x8c039704                pbDPOFSetUI
                0x8c0396d0                pbProtect
                0x8c039f2c                menuSlideIntvlInit
                0x8c0396b8                menuFolder
                0x8c039ff0                menuResizeInit
                0x8c039ff8                pbErrMsg
                0x8c03970c                pbDPOFSet
                0x8c039714                hideMenuFunc
 .text          0x8c03a100     0x13f4 ui_accessories.o
                0x8c03a12c                Pb_ToolTitle
                0x8c03aff8                Pb_ToolsItem
                0x8c03a210                ToolGetString
                0x8c03b0e8                Pb_ToolChose
                0x8c03a964                IsLeapYear
                0x8c03ad6c                app_calendar
                0x8c03b258                uiAccessories
                0x8c03a284                app_memory
                0x8c03a100                ui_ShowToolsBg
                0x8c03a9d4                calendarshow
                0x8c03a1c4                F_StringCtrl
 .text          0x8c03b4f4     0x1370 ui_photo.o
                0x8c03c268                pbpictureshowOne
                0x8c03c0dc                pbThumb1
                0x8c03c48c                pbShowErrerFile
                0x8c03c4c8                pbPictureShow
                0x8c03bb9c                pbPictureFileList
                0x8c03b9e4                pbPictureRefresh
                0x8c03c214                pbImagePaste1
                0x8c03bb14                pbPictureInfoGet
                0x8c03b4f4                GetString_P
                0x8c03b944                pbDisPlayNoFilestr
                0x8c03b568                uiPhoto
 .text          0x8c03c864       0x74 uistrings.o
                0x8c03c864                GetString
 .text          0x8c03c8d8       0xb0 dps_custom.o
                0x8c03c914                dpsDeviceStatus
                0x8c03c8d8                dpsDiscovered
                0x8c03c970                dpsJobStatus
 .text          0x8c03c988      0x45c tv_ov.o
                0x8c03ca84                hwFrontExpTimeSet
                0x8c03cb20                hwFrontSuspend
                0x8c03cb54                hwFrontMaxMonitorSizeGet
                0x8c03cbf0                hwTvSensorBusInit
                0x8c03cb88                hwFrontSensorSizeGet
                0x8c03c988                hwFrontInit
                0x8c03c9e8                hwFrontPreviewSet
                0x8c03cc44                hwTvSensorModeSel
                0x8c03cbbc                hwFrontSensorTypeGet
                0x8c03caec                hwFrontFrameRateSet
                0x8c03c9b4                hwFrontSnap
                0x8c03cab8                hwFrontExpTimeGainSet
                0x8c03ca1c                hwFrontFullSet
                0x8c03ca50                hwFrontGainSet
 .text          0x8c03cde4      0xe5c snap_custom.o
                0x8c03dbe4                snapQVLengthCallback
                0x8c03d858                snapPhotoFrameCallback
                0x8c03d8cc                snaprgbEnhanceCallback
                0x8c03d158                snapQTblCallback
                0x8c03d044                snapMulti
                0x8c03da4c                snapCDSPEnhance
                0x8c03d868                snapClickFillCallback
                0x8c03cf08                snapOne1
                0x8c03d57c                snapDateStampCallback
                0x8c03d860                snapAFQuickViewCallback
                0x8c03cde4                snapOne
                0x8c03dadc                snapCDSPEdgeFilterSet
                0x8c03da20                snapyuvEnhanceCallback
                0x8c03d540                snapWriteFileCallback
 .text          0x8c03dc40     0x26a0 TestApiReg.o
                0x8c03e13c                usbCustomWriteVQ_SetExposure
                0x8c03f55c                ModeItem
                0x8c03dc40                TestFuncFlagSet
                0x8c03f440                defaultMode
                0x8c03f3c8                TestFunc
                0x8c03e24c                usbCustomWriteVQ_EraseAllPhoto
                0x8c03e330                badPixSeek
                0x8c03f5fc                F_TestBatteryVoltageValue
                0x8c03ea00                BurnMP4Play
                0x8c03f074                uiDefaultSetup
                0x8c03fa08                F_GetHighVoltageValueTest
                0x8c03de4c                usbCustomWriteVQ_fPrivewInit
                0x8c03e718                BurnPreviewMovie
                0x8c03df10                usbCustomWriteVQ_fPrivew
                0x8c03e29c                usbCustomWriteVQ_PowerOff
                0x8c03fe48                AdjustVoltageValueFunc
                0x8c03ed88                BurnMP3Play
                0x8c03dca8                TestFuncMenu
                0x8c03dc54                ShowVersion
                0x8c03de18                usbCustomWriteVQ_Snap
                0x8c03ddc0                dspPowerOff
                0x8c03e360                BurnPreviewStill
                0x8c03e2bc                usbRegCustomerVendorCommand
 .text          0x8c0402e0      0x47c uart1.o
                0x8c040750                GetSystemKey
                0x8c0405e8                uart1fputchar
                0x8c040680                uart1fgetchar
                0x8c040394                hwUart1Disable
                0x8c040644                uart1QFlush
                0x8c040724                uart1SampleCode
                0x8c040418                uart1Init
                0x8c0405a0                uart1RxPolling
                0x8c0404b0                uart1RxIsr
                0x8c040610                uart1fgetc
                0x8c0402e0                hwUart1Init
                0x8c040554                uart1RxFullIsr
                0x8c0403e4                uart1BufferClear
 .text          0x8c04075c      0x1d8 uart.o
                0x8c0408cc                fgetchar
                0x8c04075c                hwUartInit
                0x8c040828                uartRxIsr
                0x8c0407d4                uartInit
                0x8c040928                toutSet
                0x8c040900                fputchar
 .text          0x8c040934      0xb3c aaa.o
                0x8c040b38                aaaAe
                0x8c0409bc                aaaTask
                0x8c040958                aaaTaskInit
                0x8c040934                vdIrqServ
                0x8c041468                aaaSnap
                0x8c040fec                aaaAwb
 .text          0x8c041470     0x13ac aaa_api.o
                0x8c041560                aaaAvgLumiGet
                0x8c041518                aaaAeGainGet
                0x8c041c84                aaaPreviewToSnap
                0x8c041b8c                aaaManualSharpSet
                0x8c0418fc                aaaStdLumiSet
                0x8c041530                aaaAeEvGet
                0x8c0427f8                videoClipModeGet
                0x8c041548                aaaAeIrisGet
                0x8c04192c                aaaAeawbModeSet
                0x8c041b10                aaaEvCmpIdxSet
                0x8c0414b4                aeTableChange
                0x8c042804                aaaMaxFrameRateSet
                0x8c041500                aaaAeShutterGet
                0x8c041974                aaaOutdoorWbSet
                0x8c041968                aaaAeawbModeGet
                0x8c0427ec                videoClipModeSet
                0x8c042810                aaaMaxFrameRateGet
                0x8c041920                aaaAeawbStatusGet
                0x8c0418f4                aaaHandleIris
                0x8c041908                aaaStdLumiGet
                0x8c0419b8                aaaManualWbFlagSet
                0x8c041914                aaaAeawbStatusSet
                0x8c042558                aaaSnapToPreview
                0x8c0425a4                aaaInit
                0x8c041a28                aaaManualWbSet
                0x8c041470                aaaTableChange
                0x8c041b1c                aaaSharpnessFlagSet
 .text          0x8c04281c     0x1198 hw_front_ov9650.o
                0x8c043974                hwFrontMaxMonitorSizeGet_ov9620
                0x8c04360c                hwFrontGainSet_ov9620
                0x8c0437a8                hwFrontFrameRateSet_ov9620
                0x8c043988                hwFrontExtMonitorSizeGet
                0x8c04281c                hwFrontInit_ov9620
                0x8c0438f0                hwFrontSuspend_ov9620
                0x8c04396c                hwFrontExpTimeGainSet_ov9620
                0x8c0434c0                hwFrontFullSet_ov9620
                0x8c043318                hwFrontPreviewSet_ov9620
                0x8c043124                hwFrontSnap_ov9620
                0x8c0439a8                hwFrontSensorTypeGet_ov9620
                0x8c0436a8                hwFrontExpTimeSet_ov9620
                0x8c043994                hwFrontSensorSizeGet_ov9620
 .text          0x8c0439b4     0x2684 ebook.o
                0x8c044898                pbEBookTextGet_R
                0x8c044348                F_EBookDisProtectAllFile
                0x8c045ab4                CheckCurBookmark
                0x8c045468                EBookSetVolum
                0x8c0439fc                GetBookString
                0x8c045110                pbEBookShow
                0x8c045ccc                LoadingBookmark
                0x8c044bb0                pbEBookInfoShow
                0x8c043ea8                F_EBookMenuDel
                0x8c0439b4                pbDisplayEbook_Ico
                0x8c044568                pbEBookPrePage
                0x8c044080                F_EBookDelSingleFile
                0x8c0445f8                pbEBookTextGet_O
                0x8c044010                F_EBookMenuDelImage
                0x8c045270                pbEBookRefresh
                0x8c044254                F_EBookProtectAllFile
                0x8c0443e0                paEBookMenuFunc
                0x8c044154                F_EBookDelAllFile
                0x8c043b68                F_EBookMenuProtect
                0x8c043cd0                F_EBookMenuDisProtect
                0x8c045df4                IsSaveBookmark
                0x8c044b74                pbEBookTextGet
                0x8c0445bc                pbEBookNextPage
                0x8c043e38                F_EBookMenuDisProtectImage
                0x8c043af8                F_EBookMenuProtectImage
                0x8c0441f8                F_EBookProtectSingleFile
                0x8c0453a0                EBookkeyGet
                0x8c0454b0                uiebook
                0x8c044c00                pbEBookFileList
                0x8c0442ec                F_EBookDisProtectSingleFile
                0x8c043a70                Pb_EbookTitle
 .text          0x8c046038       0x38 io.o
                0x8c046048                _lseek_r
                0x8c046040                _fstat_r
                0x8c046068                isatty
                0x8c046058                _sbrk_r
                0x8c046050                _read_r
                0x8c046038                _close_r
                0x8c046060                _write_r
 .text          0x8c046070      0x760 ../lib/libddx.a(badpix_fwSearch.o)
                0x8c046070                badpix_Search
                0x8c046118                badpix_CallBackFx
                0x8c046738                misc_Save2File
 .text          0x8c0467d0     0x1058 ../lib/libddx.a(hwOV3620_ObCheck.o)
                0x8c047448                ReadOBvalFromRsvBlk
                0x8c047260                PreviewORSnapModeSet
                0x8c047808                menuOV3620_OBCalibration
                0x8c047648                OV3620_OBCalibration
                0x8c046d2c                ov3620_OBcheckSnapMode
                0x8c04732c                WriteOBvalToRsvBlk
                0x8c0467d0                ov3620_OBcheck
 .text          0x8c047828      0x72c ../lib/libsmc.a(smctest.o)
                0x8c047828                smcCmdPhyRead
                0x8c0478d0                smcCmdPhyWrite
                0x8c047ab0                smcCmdRedund
                0x8c047b54                smcCmdPhyCpy
                0x8c047b80                smcCmdReliableTest
                0x8c047a10                smcCmdLogRead
                0x8c047a8c                smcCmdPhyFmt
                0x8c04797c                smcCmdErase
                0x8c047f1c                smcTestPatternFill
 .text          0x8c047f54     0x1c2c ../lib/libsmc.a(nand.o)
                0x8c048270                nandRead
                0x8c048310                nandWrite
                0x8c04862c                nandRsvBlkRead
                0x8c0487d8                nandRsvBlkWrite
                0x8c049a00                rsvDevRead
                0x8c047f54                nandDetect
                0x8c0490f4                nandFwProgram
                0x8c048e60                nandErase
                0x8c0497e8                nandRsvBlkEmptyPageWrite
                0x8c049798                nandBigFwProgram
                0x8c049514                nandFwProgram2
                0x8c048c5c                nandRsvHeaderWrite
                0x8c049a38                rsvDevWrite
                0x8c0483ec                nandFormat
                0x8c048460                nandRsvBlkParse
                0x8c04943c                nandIspMemcmp
                0x8c049a70                nandRsvDetect
                0x8c049b50                nandSizeGet
                0x8c049044                nandRsvHeaderRead
                0x8c04993c                nandRsvBlkErase
 .text          0x8c049b80       0x24 ../lib/libsmc.a(nand_buf.o)
                0x8c049b80                nandBufInit
 .text          0x8c049ba4     0x154c ../lib/libsmc.a(nand_adv.o)
                0x8c04b034                nandAdvCpyFuncGet
                0x8c04a8d4                nandAdvFormat
                0x8c049ba4                nandAdvDmaRead
                0x8c04ad34                nandAdvRedundAddrSend
                0x8c04b028                nandAdvCpyFuncSet
                0x8c04a310                nandAdvWrite
                0x8c04a070                nandAdvBlkErase
                0x8c04ad80                nandAdvRedundRead
                0x8c049d98                nandAdvDmaWrite
                0x8c04a160                nandAdvRead
                0x8c04a9c4                nandAdvCpy
                0x8c04a934                nandTwoPlaneCpy
                0x8c04ac40                nandCpy
                0x8c04ae54                nandAdvDefectBlkMark
                0x8c04b040                nandCpyBackFuncSet
 .text          0x8c04b0f0     0x16f0 ../lib/libsmc.a(smccore.o)
                0x8c04b934                smcTableWrite
                0x8c04b4dc                smcLbaCalc
                0x8c04c194                smcTableRefill
                0x8c04b38c                smcRemove
                0x8c04b8d8                smcTableMake
                0x8c04b9ec                smcPageCorrect
                0x8c04b484                smcLbaFieldCalc
                0x8c04c110                nandSpecialTypeSort
                0x8c04b4f8                smcParityCheck
                0x8c04b530                smcFreePhyBlkSearch
                0x8c04c4a0                smcBlkAddrRslv
                0x8c04c610                smcFreeBlkListInsert
                0x8c04babc                smcProfCfg
                0x8c04b7d8                smcValidBlkSearch
                0x8c04c6a0                nandInfoGet
                0x8c04b3b8                smcLpaToPpaRead
                0x8c04b89c                smcStsCheck
                0x8c04b0f0                smcDetect
                0x8c04c060                nandSpecialTypeSet
 .text          0x8c04c7e0      0xffc ../lib/libsmc.a(smc_rw.o)
                0x8c04caf4                smcDmaWrite
                0x8c04c7e0                smcDmaRead
                0x8c04cd64                smcRead
                0x8c04c9a0                smcRedundRead
                0x8c04d644                smcDefectBlkMark
                0x8c04cee4                smcWrite
                0x8c04ca3c                smcBlkErase
 .text          0x8c04d7dc       0x24 ../lib/libsmc.a(smc_buf.o)
                0x8c04d7dc                smcBufInit
 .text          0x8c04d800      0x188 ../lib/libsmc.a(smc_fmt.o)
                0x8c04d800                smcFormat
 .text          0x8c04d988      0x47c ../lib/libsmc.a(hw_smc.o)
                0x8c04d99c                hwNandIdRead
                0x8c04dddc                hwNandCmdSend
                0x8c04dab8                hwNandAddrSend
                0x8c04d988                hwSmcActDetect
                0x8c04dca8                hwNandEccVerify
                0x8c04dc70                hwNandEccFill
                0x8c04dc10                hwNandPortSuccessiveRead
                0x8c04dbc8                hwNandRdyCheck
                0x8c04dc48                hwNandPortSuccessiveWrite
                0x8c04da30                hwxDIdRead
 .text          0x8c04de04       0xb8 ../lib/libsmc.a(xd.o)
                0x8c04dea4                xdDevConfirm
                0x8c04deb0                xdDevIdent
                0x8c04de04                xdDetect
 .text          0x8c04debc      0x134 ../lib/libsmc.a(nand_bad_blk.o)
                0x8c04df94                nandFreeBlkNrGet
                0x8c04debc                nandBadLimitSet
                0x8c04def4                nandRecover
                0x8c04ded4                nandBadBlkCntGet
                0x8c04df30                nandValidSectSet
                0x8c04df68                nandValidSectGet
                0x8c04dec8                nandBadLimitGet
 .text          0x8c04dff0     0x170c ../lib/libsd.a(sd_core.o)
                0x8c04e420                sdDetect
                0x8c04f2f8                sdTranStateWait
                0x8c04f268                hwSdIdleWait
                0x8c04ecac                sdWrite
                0x8c04edc8                sdWriteSmall
                0x8c04e7f8                sdRemove
                0x8c04dff0                sdIdentify
                0x8c04f6e4                sdFwPatchEnSet
                0x8c04f37c                sdReadyBitWait
                0x8c04f6f0                sdFwPatchDoSet
                0x8c04e36c                sdBusModeSet
                0x8c04e8a4                sdRead
                0x8c04e828                sdStateGet
                0x8c04f418                sdWarmDetect
                0x8c04f4cc                sdSinglePageRead
                0x8c04e2f4                sdStateCheck
 .text          0x8c04f6fc      0x3cc ../lib/libsd.a(hw_sd.o)
                0x8c04f6fc                hwSdInit
                0x8c04f9b4                hwSdCmdSend
                0x8c04f764                hwSdBlockSizeSet
                0x8c04f778                hwSdRxResponse
                0x8c04f96c                hwSdTxDummy
                0x8c04f73c                hwSdConfig
 .text          0x8c04fac8      0x73c ../lib/libotg.a(otg_init.o)
                0x8c04ff28                otgIrqServ
                0x8c05003c                otgFuncReg_DMCtrl
                0x8c04fc24                otgPlugOut
                0x8c04fbc4                otgPlugIn
                0x8c0501b4                otgJackIdSet
                0x8c04ff5c                otgHostDMCtrl
                0x8c0501d8                otgJackIdGet
                0x8c04ff30                otgHostDPCtrl
                0x8c04fb9c                otgServiceTask
                0x8c050014                otgFuncReg_DPCtrl
                0x8c04fc78                otgCheckPlugStatus
                0x8c0501e4                otgPowerDect
                0x8c050064                otgFuncReg_PowerCtrl
                0x8c04fdc8                otgDetectTask
                0x8c04fac8                otgInit
                0x8c05008c                otgHostEn
                0x8c04ff88                otgHostPowerCtrl
 .text          0x8c050204      0x628 ../lib/libotg.a(otg_enumer.o)
                0x8c0502b8                otgStdEnum
                0x8c050614                otgEnumGetDevDesc
                0x8c050780                otgHostConfigurationSet
                0x8c050704                otgEnumGetStrDesc
                0x8c0507d4                otgHostClearEpFeature
                0x8c050688                otgEnumGetCfgDesc
                0x8c050204                otgEnumerate
 .text          0x8c05082c      0x6e8 ../lib/libotg.a(otg_hostdrv.o)
                0x8c05082c                otgHostDrvInit
                0x8c050c00                otgDrvEnpInfoGet
                0x8c050a48                otgHostDrvSearch
                0x8c0508b8                otgHostDrvVidPidReg
                0x8c050e84                otgDrvEntryCall
                0x8c050968                otgHostDrvClassCodeReg
                0x8c050d40                otgDrvEnpInfoGetByInf
 .text          0x8c050f14      0xc6c ../lib/libotg.a(otg_hostxfr.o)
                0x8c050f14                hostTxfrInit
                0x8c051238                hostCtrlOutCmd
                0x8c051a68                hostIntrIn
                0x8c051510                hostCtrlNoDataCmd
                0x8c051968                hostIntrOut
                0x8c050f80                hostCtrlInCmd
                0x8c051850                hostBulkIn
                0x8c051680                hostBulkOut
 .text          0x8c051b80       0x78 ../lib/libotg.a(hostdrv_msdcbo_de.o)
                0x8c051bbc                hostDrv_MsdcBo_DriverUnload
                0x8c051b80                hostDrv_MsdcBo_DriverEntry
 .text          0x8c051bf8      0x974 ../lib/libotg.a(hostdrv_msdcdrv.o)
                0x8c051bf8                hostDrv_Msdc_DriverInit
                0x8c052358                hostDrv_Msdc_DriverUnload
                0x8c052518                hostDrv_Msdc_Phase_Status
                0x8c052050                hostDrv_Msdc_DriverEntry
                0x8c0524dc                hostDrv_Msdc_Phase_DataOut
                0x8c051e94                hostDrv_Msdc_MaxLunGet
                0x8c0524a0                hostDrv_Msdc_Phase_DataIn
                0x8c051c64                hostDrv_Msdc_ServiceTsk
                0x8c052410                hostDrv_Msdc_Phase_Cmd
                0x8c051f64                hostDrv_Msdc_Enum
                0x8c051d68                hostDrv_Msdc_MountChk
 .text          0x8c05256c      0xd4c ../lib/libotg.a(hostdrv_msdccmd.o)
                0x8c05256c                hostDrv_MsdcCSWCheck
                0x8c052c3c                hostDrv_MsdcCmd_25_ReadCapacity
                0x8c052f40                hostDrv_MsdcCmd_2A_Write
                0x8c052af4                hostDrv_MsdcCmd_23_ReadFormatCapacity
                0x8c0530cc                hostDrv_MsdcCmd_TestOutCmd
                0x8c05273c                hostDrv_MsdcCmd_03_RequestSense
                0x8c052814                hostDrv_MsdcCmd_12_Inquiry
                0x8c052954                hostDrv_MsdcCmd_1A_ModeSense
                0x8c052dac                hostDrv_MsdcCmd_28_Read
                0x8c052640                hostDrv_MsdcCmd_00_TestUnitReady
 .text          0x8c0532b8      0x588 ../lib/libotg.a(hostdrv_msdcmnt.o)
                0x8c053698                msdcLunRead
                0x8c053444                otgReg_MsdcMnt
                0x8c053484                otgCB_MsdcUnmntCall
                0x8c0534ac                msdcLunOneDevMount
                0x8c0532f0                msdcLunDetect
                0x8c05376c                msdcLunWrite
                0x8c053450                otgCB_MsdcMntCall
                0x8c05361c                msdcLunRemove
                0x8c053478                otgReg_MsdcUnmnt
                0x8c0532b8                msdcLunMount
 .text          0x8c053840      0xafc ../lib/libotg.a(otg_descfunc.o)
                0x8c054058                otgConfigurationInfTotalNumGet
                0x8c054290                otgEndpointHndGet
                0x8c0542cc                otgEndpointDescGet
                0x8c05422c                otgInterfaceExtDataGet
                0x8c0541ec                otgInterfaceDescGet
                0x8c053ce8                otgPrintCfgDesc
                0x8c054120                otgInterfaceHndGet
                0x8c053894                checkConfigurationDesc
                0x8c0540b0                otgConfigurationAltSettingTotalNumGet
                0x8c053bb8                otgPrintDevDesc
                0x8c053da4                otgPrintInfDesc
                0x8c053e68                otgPrintEnpDesc
                0x8c053f54                otgConfigurationHndGet
                0x8c0542ec                otgOrginalConfigurationDescDataGet
                0x8c054004                otgConfigurationDescGet
                0x8c053f04                otgDeviceDescGet
                0x8c053840                checkDeviceDesc
                0x8c05420c                otgInterfaceEndpNumGet
 .text          0x8c05433c      0xe0c ../lib/libusb.a(usb_init.o)
                0x8c054db4                usbDetectIntrPlugInChk
                0x8c054fa4                usbPlugOff
                0x8c054d94                usbTest
                0x8c054f70                usbPlugIn
                0x8c054dfc                usbDetectGpioReg
                0x8c054dd8                usbDetectIntrPlugOffChk
                0x8c054f18                usb20SwDisCon
                0x8c0550fc                usbSetupAck
                0x8c054f48                usb20SwCon
                0x8c054e9c                usbDetectGet
                0x8c05433c                usbInit
                0x8c054770                usbIrqServ
 .text          0x8c055148     0x1bd8 ../lib/libusb.a(sidc_init.o)
                0x8c056ca0                sidcStoreRemoved
                0x8c055288                sidcGetStorageID
                0x8c056480                sidcPrivateInit
                0x8c055564                sidcTreeDeleteNode
                0x8c055a80                sidcTNGetFullPath
                0x8c056628                sidcInit
                0x8c055c68                sidcTreeDelByDrvId
                0x8c055148                sidcObjHandCheck
                0x8c0558b4                sidcTreeGetNodeByObjHnd
                0x8c056a94                sidcCheckObjFormat
                0x8c056ce0                sidcStoreAdded
                0x8c055150                sidcGetStorageCnt
                0x8c056674                sidc8dot3FileNameMake
                0x8c055b4c                sidcDeleteWholeTree
                0x8c0567dc                sidcGetObjHndByFilePath
                0x8c055958                sidcTreeGetNodeByName
                0x8c05698c                sidcGetObjHndByAbsFilePath
                0x8c05560c                sidcTreeAddFileNode
                0x8c0557cc                sidcTreeAddDpsNode
                0x8c055424                sidcTreeNewNode
                0x8c0553f8                sidcStrgID2DrvID
                0x8c055d90                sidcTreeBuildByDrvId
                0x8c0563b8                dpsEnable
                0x8c055414                sidcDrvID2StrgID
                0x8c0560a4                sidcBuildTree
 .text          0x8c056d20      0x90c ../lib/libusb.a(usb_ctrl.o)
                0x8c0572a4                openEp0Out
                0x8c0570f4                checkNextEp0Nak
                0x8c056f28                changePhaseState
                0x8c057248                openEp0In
                0x8c056d2c                insertPktQue
                0x8c056e98                deletePktQue
                0x8c056d20                initPktQue
                0x8c056ef0                getNstPktQue
                0x8c057300                changePhase
                0x8c05759c                usbEp0Task
 .text          0x8c05762c      0x154 ../lib/libusb.a(ctlsetup.o)
                0x8c05762c                CTLSETUP_DoNoDataPhase
                0x8c0576a4                CTLSETUP_GetSetupPacket
 .text          0x8c057780      0x10c ../lib/libusb.a(ctlin.o)
                0x8c057780                CTLIN_InData
 .text          0x8c05788c      0x11c ../lib/libusb.a(ctlout.o)
                0x8c05788c                CTLOUT_PreOutData
                0x8c0578b8                CTLOUT_OutData
 .text          0x8c0579a8      0x380 ../lib/libusb.a(stdreq.o)
                0x8c0579a8                usb20FrstCon
                0x8c057d18                STDREQ_NoDataPhase
                0x8c0579dc                STDREQ_PreGetDescriptor
                0x8c0579cc                usb20DisconFrst
                0x8c057ca0                STDREQ_PreInDataPhase
                0x8c057d20                STDREQ_PostOutDataPhase
 .text          0x8c057d28      0x6e8 ../lib/libusb.a(usb_mode.o)
                0x8c057fa0                usbBulkMsgTask
                0x8c058184                usbOpenBulkIn
                0x8c057e2c                usbChangeMode
                0x8c058064                usbBulkCtrlTask
                0x8c057d28                usbSpeedModeSet
                0x8c05836c                usbStdDescFieldSet
                0x8c05815c                usbOpenBulkOut
                0x8c0581f4                usbCheckNextBulkNak
                0x8c057f94                usbCheckDevMode
 .text          0x8c058410      0xa1c ../lib/libusb.a(msdc_ctrl.o)
                0x8c058548                msdcLunPosGet
                0x8c058b1c                msdcChangePhase
                0x8c058664                msdcChkMediaRdy
                0x8c0585d0                msdcNandLunIdSet
                0x8c0584a0                msdcLunPosSet
                0x8c0587e8                msdcChangePhaseState
                0x8c058750                msdcChkMediaWP
                0x8c058410                usbLunInit
                0x8c058610                msdcStorageChange
                0x8c058640                msdcDevIDGet
 .text          0x8c058e2c      0x87c ../lib/libusb.a(msdc_bofunc.o)
                0x8c05930c                USBMSDC_BoGetBulkOutDataPacket
                0x8c058fc8                USBMSDC_BoGetBulkOutPacket
                0x8c0593a4                USBMSDC_BoBulkInData
                0x8c0595c4                USBMSDC_BoBulkWriteData
                0x8c059368                USBMSDC_BoSetBulkInStsPacket
                0x8c0592b0                USBMSDC_BoSetBulkInDataPacket
                0x8c0593e0                USBMSDC_BoBulkOutData
                0x8c059458                USBMSDC_InitReadBuf
                0x8c059400                USBMSDC_BoStatus
                0x8c058e2c                USBMSDC_BoBulkStall
                0x8c05900c                USBMSDC_BoCommand
                0x8c0594dc                USBMSDC_BoBulkReadData
                0x8c059440                LED_On
 .text          0x8c0596a8       0xe0 ../lib/libusb.a(msdc_funcreg.o)
                0x8c0596e0                msdcFuncReg_InDataCmd
                0x8c059750                msdcFuncReg_PostOutDataCmd
                0x8c05975c                msdcCB_PostOutDataCmdCall
                0x8c0596ec                msdcCB_InDataCmdCall
                0x8c0596a8                msdcFuncReg_NoDataCmd
                0x8c059724                msdcCB_PreOutDataCmdCall
                0x8c0596b4                msdcCB_NoDataCmdCall
                0x8c059718                msdcFuncReg_PreOutDataCmd
 .text          0x8c059788      0xb3c ../lib/libusb.a(scsi.o)
                0x8c059be4                SCSICMD_ModePage1c
                0x8c059d50                SCSICMD_ReadCapacity
                0x8c059d40                SCSICMD_PreventAllowMediumRemoval
                0x8c05a26c                SCSICMD_VendorOutData
                0x8c05a1dc                SCSICMD_VendorNoData
                0x8c059958                SCSICMD_Inquiry
                0x8c05a1d0                SCSICMD_Verify10
                0x8c059eb0                SCSICMD_ModeSense10
                0x8c05a0cc                SCSICMD_Write10
                0x8c059788                SCSICMD_TestUnitReady
                0x8c059c28                SCSICMD_Mode06ParameterHeader
                0x8c059b74                SCSICMD_ModePage01
                0x8c059ba4                SCSICMD_ModePage1b
                0x8c059c98                SCSICMD_Mode10ParameterHeader
                0x8c059a44                SCSICMD_ModeSense06
                0x8c059d34                SCSICMD_StartStopUnit
                0x8c059fe0                SCSICMD_Read10
                0x8c05a20c                SCSICMD_VendorInData
                0x8c059894                SCSICMD_RequestSense
 .text          0x8c05a2c4     0x1b2c ../lib/libusb.a(vndreq.o)
                0x8c05a2c4                VNDREQ_GetInformation
                0x8c05afec                dpcFDBMake
                0x8c05bdc8                usbGetCameraSizeIndex
                0x8c05bb84                cardIsp
                0x8c05b4bc                dpcDirMake
                0x8c05b0e0                dpcUSBObjUpload
                0x8c05b6ec                VNDREQ_DPCProcess
                0x8c05bd9c                usbSetCameraSizeIndex
                0x8c05ac3c                VNDREQ_PostOutDataPhase
                0x8c05bac4                usbIsp
                0x8c05b534                dpcUSBDirUpload
                0x8c05bd68                cardIspExt
                0x8c05a43c                VNDREQ_PreInDataPhase
                0x8c05a3bc                VNDREQ_NoDataPhase
 .text          0x8c05bdf0      0x1c0 ../lib/libusb.a(clsreq.o)
                0x8c05bdf0                CLSREQ_PreInDataPhase
                0x8c05bf7c                RSVREQ_NoDataPhase
                0x8c05bf68                RSVREQ_PreInDataPhase
                0x8c05bf14                CLSREQ_NoDataPhase
                0x8c05bf9c                CLSREQ_clearStallEvent
                0x8c05bf48                CLSREQ_PostOutDataPhase
                0x8c05bf8c                CLSREQ_sidcFailedResponseSet
                0x8c05bf84                RSVREQ_PostOutDataPhase
 .text          0x8c05bfb0      0x790 ../lib/libusb.a(sidc_ctrl.o)
                0x8c05c2d8                sidcChangePhase
                0x8c05bfb0                sidcChkMediaRdy
                0x8c05bff8                sidcChangePhaseState
                0x8c05bff0                sidcChkMediaWP
 .text          0x8c05c740     0x2754 ../lib/libusb.a(sidc_bofunc.o)
                0x8c05c740                USBSIDC_BoBulkStall
                0x8c05ce44                USBSIDC_BoStatus
                0x8c05c8f0                USBSIDC_BoGetBulkOutPacket
                0x8c05e400                USBSIDC_BoGetThumb
                0x8c05e680                USBSIDC_BoSendObjInfo
                0x8c05dca4                USBSIDC_BoGetObj
                0x8c05cc68                USBSIDC_BoSetBulkInDataPacket
                0x8c05c954                USBSIDC_BoCommand
                0x8c05ce08                USBSIDC_PostBulkOutDataPhase
                0x8c05ea30                USBSIDC_BoSendObjData
                0x8c05cd8c                USBSIDC_BoBulkOutData
                0x8c05ccc4                USBSIDC_BoSetBulkInStsPacket
                0x8c05ed20                USBSIDC_BoSendEvent
                0x8c05cd14                USBSIDC_BoBulkInData
                0x8c05ceac                USBSIDC_BoSendObjHnds
 .text          0x8c05ee94     0x1bd0 ../lib/libusb.a(pima.o)
                0x8c05fb34                PIMAOPE_GetImageSizeDesc
                0x8c060048                PIMAOPE_SetDevicePropValue
                0x8c05fa24                PIMAOPE_GetPartialObject
                0x8c060240                PIMA_SupportedArraySet
                0x8c05fe74                PIMAOPE_GetBatteryLevelValue
                0x8c0606b0                PIMA_MapInit
                0x8c05ee94                PIMA_GetTNObjFormat
                0x8c05f5e0                PIMAOPE_GetStorageInfo
                0x8c05fe8c                PIMAOPE_GetImageSizeValue
                0x8c060518                PIMA_SupportedMapCntGet
                0x8c05f0d0                PIMA_CheckValidImgFmt
                0x8c05f9f8                PIMAOPE_SendObjectInfo
                0x8c05f53c                PIMAOPE_GetStorageIDs
                0x8c05f154                PIMA_CheckValidObjFmt
                0x8c05f4f8                PIMAOPE_CloseSession
                0x8c05fd80                PIMAOPE_GetDevicePropDesc
                0x8c060098                PIMADATA_SetDevicePropValue
                0x8c05ff54                PIMAOPE_GetDevicePropValue
                0x8c05faf0                PIMAOPE_GetBatteryLevelDesc
                0x8c05f694                PIMAOPE_GetNumObjects
                0x8c05f4e0                PIMAOPE_OpenSession
                0x8c05fef0                PIMAOPE_GetDateTimeValue
                0x8c0608f4                usbSidcSetString
                0x8c05f78c                PIMAOPE_GetObjectInfo
                0x8c05f8c8                PIMAOPE_GetThumb
                0x8c05f6f8                PIMAOPE_GetObjectHandles
                0x8c0600e8                PIMA_SupportedMapSet
                0x8c05f82c                PIMAOPE_GetObject
                0x8c05f9a4                PIMAOPE_DeleteObject
                0x8c05fca4                PIMAOPE_GetDateTimeDesc
                0x8c05f1d8                PIMAOPE_GetDeviceInfo
                0x8c05fa10                PIMAOPE_SendObject
 .text          0x8c060a64     0x1828 ../lib/libusb.a(pimafile.o)
                0x8c061678                PIMAFILE_GetDateStr
                0x8c060bd4                PIMAFILE_GetNumObjects
                0x8c060ae8                PIMAFILE_GetStorageInfo
                0x8c060a64                PIMAFILE_GetStorageIDs
                0x8c0617a0                PIMAFILE_GetObjectInfo
                0x8c061f10                PIMAFILE_DeleteObject
 .text          0x8c06228c      0x798 ../lib/libusb.a(usb_cust.o)
                0x8c0628bc                usbUsbPowerDescSet
                0x8c0629d0                usbIntEnpIntervalSet
                0x8c0622e4                usbSetAudioInterface
                0x8c062594                usbMsdcSetString
                0x8c0623fc                usbSetString
                0x8c06276c                usbMsdcSetStringByLun
                0x8c06299c                usbCustomVersionSet
                0x8c06293c                usbUsbSerialNumEn
                0x8c06228c                usbBulkOnlyInfSet
                0x8c062340                usbSetVID
                0x8c062390                usbSetPID
 .text          0x8c062a24      0x578 ../lib/libusb.a(usb_funcreg.o)
                0x8c062d5c                usbFuncReg_ReadVendReqCall
                0x8c062b10                usbSuspendCall
                0x8c062dfc                usbPlugInCall
                0x8c062a5c                usbFuncReg_MsdcAfterRead
                0x8c062ecc                usbCB_PccamStopCall
                0x8c062ca8                usbFuncReg_UsbWriteVendorReqExt
                0x8c062b3c                usbFuncReg_Resume
                0x8c062dbc                usbFuncReg_PlugIn
                0x8c062e24                usbFuncReg_PlugOff
                0x8c062b80                usbWpCheckFuncDef
                0x8c062a30                usbMsdcBeforeReadCall
                0x8c062b48                usbResumeCall
                0x8c062ef4                usbFuncReg_LibVersions
                0x8c062b74                usbFuncReg_MsdcWp
                0x8c062a68                usbMsdcAfterReadCall
                0x8c062ec0                usbFuncReg_PccamStop
                0x8c062ad8                usbMsdcAfterWriteCall
                0x8c062acc                usbFuncReg_MsdcAfterWrite
                0x8c062a94                usbFuncReg_MsdcBeforeWrite
                0x8c062c20                usbFuncReg_WriteVendReqCall
                0x8c062aa0                usbMsdcBeforeWriteCall
                0x8c062e98                usbCB_PccamStartCall
                0x8c062f08                usbVersionTotalGetCall
                0x8c062bc0                usbFuncReg_UsbWriteVendorReq
                0x8c062e64                usbPlugOffCall
                0x8c062e8c                usbFuncReg_PccamStart
                0x8c062a24                usbFuncReg_MsdcBeforeRead
                0x8c062b04                usbFuncReg_Suspend
                0x8c062b88                usbWpCheck
                0x8c062d0c                usbFuncReg_UsbReadVendorReq
 .text          0x8c062f9c      0x5dc ../lib/libusb.a(usb_dpc.o)
                0x8c062f9c                usbDPCNandRsvRWBufSet
                0x8c0634b4                usbVRSimWrite
                0x8c062fac                usbDPCNandRsvRW
                0x8c0633f4                usbDPCTask
                0x8c0632e0                usbDPCNandRsvHeaderSet
                0x8c06341c                usbVRSimRead
 .text          0x8c063578      0x640 ../lib/libusb.a(usb_reset.o)
                0x8c063ae8                usbPlugChkTask
                0x8c06392c                usbResetStat
                0x8c063bac                usbNoSuspendSet
                0x8c063578                usbSuspendEnableSet
                0x8c0635bc                usbResetTask
 .text          0x8c063bb8       0x30 ../lib/libusb.a(usb_ver.o)
                0x8c063bb8                usbLibVersionGet
 .text          0x8c063be8      0x924 ../lib/libusb.a(usb_cmd.o)
                0x8c064504                usbUtilHexPrint
                0x8c064208                treeTravel
                0x8c064354                usbTestAPLibVersionConvert
                0x8c063be8                usbCmd
                0x8c064330                usbCmdPrintTree
 .text          0x8c06450c     0x271c ../lib/libdps.a(dps_dscaction.o)
                0x8c0656d0                dpsData_GetDeviceStatus
                0x8c065550                dpsReq_GetDeviceStatus
                0x8c066a3c                dpsReq_ContinueJob
                0x8c0668a4                dpsReq_AbortJob
                0x8c06524c                dpsReq_GetJobStatus
                0x8c066598                dpsData_JobListFree
                0x8c06450c                dpsDataListElmToBuf
                0x8c0663a0                dpsData_JobConfigNew
                0x8c066be4                dpsUsbCloseSession
                0x8c066640                dpsDbg_JobListPrint
                0x8c0653cc                dpsData_GetJobStatus
                0x8c066488                dpsData_PrintInfoNew
                0x8c066ba0                dpsUsbPlugOffCheck
                0x8c064e50                dpsData_GetCapability
                0x8c064a10                dpsReq_GetCapability
                0x8c064604                dpsReq_ConfigrePrintService
                0x8c064858                dpsData_ConfigrePrintService
                0x8c064ba0                dpsData_GetCapabilityTreeMake
                0x8c0659d4                dpsReq_StartJob
                0x8c065b4c                dpsData_StartJobTreeMake
 .text          0x8c066c28      0xf60 ../lib/libdps.a(dps_apiop.o)
                0x8c067aac                dpsPrtInfoData_filePath2fileIDGet
                0x8c066c28                dpsDscInfoSet
                0x8c067b48                dpsPrtJobContinue
                0x8c066f70                dpsPrtCapabilityGet
                0x8c0674e4                dpsPrtInfoHndGet
                0x8c0678b4                dpsPrtInfoData_dateSet
                0x8c067b08                dpsPrtJobAbort
                0x8c066d74                dpsDscInfoGet
                0x8c067598                dpsPrtInfoData_croppingAreaSet
                0x8c0679ec                dspPrtJobExec
                0x8c067310                dspPrtJobNew
                0x8c066e6c                dpsPrtInfoGet
                0x8c067238                dpsJobStatusGet
                0x8c0675e0                dpsPrtInfoData_fileIDSet
                0x8c0673dc                dpsJobCfgDataSet
                0x8c0676e4                dpsUtilDateToStr
                0x8c0672a4                dpsDeviceStatusGet
                0x8c067618                dpsPrtInfoData_fileNameSet
                0x8c0679a4                dpsPrtInfoData_copiesSet
                0x8c06736c                dpsMoreJobCfgHndGet
 .text          0x8c067b88      0x1d4 ../lib/libdps.a(dps_init.o)
                0x8c067b88                dpsInit
 .text          0x8c067d5c      0xb88 ../lib/libdps.a(dps_treefunc.o)
                0x8c06865c                dpsXMLTreeElmRemove
                0x8c0686fc                dpsXMLTreeDelete
                0x8c067f60                dpsXMLTreeTravel
                0x8c068108                dpsTravelPrintTagName2Buf
                0x8c067d64                dpsTravelStackPush
                0x8c067de4                dpsTravelPrintTagName
                0x8c067d5c                dpsTravelStackInit
                0x8c0687dc                dpsXMLElmFindByName
                0x8c067db4                dpsTravelStackPop
                0x8c06837c                dpsXMLTreeData2Buf
                0x8c0685a0                dpsXMLElmFree
 .text          0x8c0688e4      0x454 ../lib/libdps.a(dps_datafunc.o)
                0x8c068a24                dpsXmlTreeElmParaDataSet
                0x8c068b30                dpsXmlRespCheck
                0x8c068c20                dpsXmlElmDataSet
                0x8c0688e4                dpsXmlTreeElmDataSet
 .text          0x8c068d38      0xe08 ../lib/libdps.a(dps_xmlparser.o)
                0x8c069a78                dpsXmlTreeMake
                0x8c068ed8                dpsXmlChrPos
                0x8c0693c8                dpsXmlElmDataParse
                0x8c0699a4                dpsBufTestPrint
                0x8c068f14                dpsXmlElmAttrParse
                0x8c069548                dpsXmlElmParse
                0x8c0692cc                dpsXmlHeadRead
                0x8c068d38                dpsXmlElmNew
                0x8c068e5c                dpsXmlSkip
 .text          0x8c069b40      0x1fc ../lib/libdps.a(dps_util.o)
                0x8c069c64                dpsSidcSendObj
                0x8c069b40                dpsCheckFileName
 .text          0x8c069d3c      0x67c ../lib/libdps.a(dps_prtaction.o)
                0x8c06a0f8                dpsHstReqDo
                0x8c069e18                dpsResp_ResultSend
                0x8c06a214                dpsResp_GetFileIDResultSend
                0x8c069d3c                dpsXmlReqCheck
 .text          0x8c06a3b8      0x140 ../lib/libdps.a(dps_discover.o)
                0x8c06a410                dpsDiscoverServiceTask
                0x8c06a3b8                dpsDiscovery
 .text          0x8c06a4f8      0x2f4 ../lib/libdps.a(dps_funcreg.o)
                0x8c06a538                dpsCBF_notifyDeviceStatusCall
                0x8c06a588                dpsFuncReg_notifyJobStatus
                0x8c06a5c8                dpsCBF_notifyJobStatusCall
                0x8c06a7c4                dpsCBF_dpsDiscoveredCall
                0x8c06a4f8                dpsFuncReg_notifyDeviceStatus
                0x8c06a784                dpsFuncReg_dpsDiscovered
 .text          0x8c06a7ec      0x460 ../lib/libsnap.a(snap_task.o)
                0x8c06a910                snap
                0x8c06a86c                snapTask
                0x8c06a7ec                snapTaskInit
                0x8c06aa00                snapTaskTerm
                0x8c06aa20                snapPreviewSet
 .text          0x8c06ac4c      0x2c0 ../lib/libsnap.a(snap_init.o)
                0x8c06aec0                snapErrGet
                0x8c06aeb0                snapCbGet
                0x8c06ac4c                snapInit
                0x8c06aed4                snapQuickViewSizeSet
                0x8c06acd4                snapRingBufInit
 .text          0x8c06af0c      0x69c ../lib/libsnap.a(snap_save.o)
                0x8c06b4c4                snapFileNameSet
                0x8c06b514                snapExifOrientGet
                0x8c06b38c                snapFileSizeGet
                0x8c06af0c                snapEXIFImgSave
                0x8c06b494                snapFileNameGet
                0x8c06b178                snapRawImgSave
                0x8c06b414                snapExifInfoGet
 .text          0x8c06b5a8      0x540 ../lib/libsnap.a(snap_main.o)
                0x8c06ba38                snapQVTmrStart
                0x8c06b5a8                snapImgCapture
                0x8c06ba70                snapQVTmrWait
                0x8c06b8f0                snapRGBRawImgCapture
                0x8c06b948                snapYUVRawImgCapture
                0x8c06b838                snapS2SRawImgCapture
                0x8c06bad0                snapQVTmrGet
                0x8c06b9c4                snapRGBImg2File
 .text          0x8c06bae8      0x4d8 ../lib/libsnap.a(snap_imginfo.o)
                0x8c06be90                snapQVJPGImageInfoGet
                0x8c06bae8                snapRawImageInfoGet
                0x8c06bdd4                snapUnsaveVLCSizeGet
                0x8c06bbe4                snapJPGImageInfoGet
 .text          0x8c06bfc0      0x1d4 ../lib/libsnap.a(snap_snap.o)
                0x8c06bfc0                snapStart
                0x8c06c16c                snapEnd
                0x8c06c090                snapContinue
 .text          0x8c06c194      0x444 ../lib/libsnap.a(snap_cdsp.o)
                0x8c06c23c                snapCDSP
                0x8c06c4fc                snapObWbSave
                0x8c06c598                snapYuvImgSizeGet
                0x8c06c550                snapObWbRestore
                0x8c06c194                snapLibVersionGetExt
 .text          0x8c06c5d8      0xaa8 ../lib/libsnap.a(snap_compress.o)
                0x8c06cfe8                snapJPGWait
                0x8c06c5d8                snapImgCompress
                0x8c06ca00                snapThumbImgComp
                0x8c06c638                snapMainImgComp
                0x8c06cc40                snapQuickViewImgComp
 .text          0x8c06d080      0x15c ../lib/libsnap.a(pb_task.o)
                0x8c06d080                pbTaskInit
                0x8c06d100                pbTask
                0x8c06d188                pbStill
                0x8c06d1cc                pbAbort
                0x8c06d168                pbTaskTerm
 .text          0x8c06d1dc      0x420 ../lib/libsnap.a(pb_play.o)
                0x8c06d420                pbDramImgPlay
                0x8c06d5a4                pbUsrSettingsGet
                0x8c06d550                pbUsrSettingsSet
                0x8c06d238                pbImageGet
                0x8c06d1dc                pbMainImgPlay
 .text          0x8c06d5fc      0x9bc ../lib/libsnap.a(pb_decode.o)
                0x8c06dc50                pbImageDeCompress
                0x8c06da9c                pbExifAudioNameSet
                0x8c06de80                pbFileTagModify
                0x8c06ddd4                pbImageScale
                0x8c06d5fc                pbImageDecode
 .text          0x8c06dfb8      0x11c ../lib/libsnap.a(pb_util.o)
                0x8c06dfb8                pbImageFrameFill
 .text          0x8c06e0d4      0x1d4 ../lib/libsnap.a(pb_disp.o)
                0x8c06e0d4                pbModeEnable
                0x8c06e0fc                pbDisplay
 .text          0x8c06e2a8      0x934 ../lib/libsnap.a(snap_misc.o)
                0x8c06e324                snapRawAddrCallBack
                0x8c06ea88                snapRingBufCntGet
                0x8c06e2a8                snapLibVersionGet
                0x8c06e850                snapRawAddrGet
                0x8c06ea14                snapYUVAddrGet
                0x8c06e540                snapMaxShotNoGet
                0x8c06ebb4                snapImgFrameColorSet
                0x8c06eb14                snapFrameSizeGet
                0x8c06ebac                snapPrvDoneFlagGet
 .text          0x8c06ebdc      0x6c4 ../lib/libsnap.a(snap_mem.o)
                0x8c06ebdc                snapMemRawBufferGet
                0x8c06ed48                snapMemDcTermBufferGet
                0x8c06f120                snapMemCompFreeBufferGet
                0x8c06ee80                snapMemVLCBufferGet
                0x8c06efe0                snapMemFreeBufferGet
                0x8c06ece8                snapMemQuickViewVLCBufferGet
                0x8c06ebfc                snapMemQuickViewBufferGet
                0x8c06ee48                snapMemThumbVLCBufferGet
 .text          0x8c06f2a0      0x17c ../lib/libsnap.a(pb_mem.o)
                0x8c06f2a0                pbMemVlcBufferGet
                0x8c06f318                pbMemDecompBufferGet
                0x8c06f3fc                pbThumbBufferGet
                0x8c06f3c4                pbMemFreeBufferGet
 .text          0x8c06f41c       0xa4 ../lib/libsnap.a(snap_badpixel.o)
                0x8c06f41c                snapBadPixelCallBack
 .text          0x8c06f4c0      0x99c ../lib/libsnap.a(snap_rawimg.o)
                0x8c06fd0c                ByteRGB2BitRGB
                0x8c06f960                SunplusYuv2TiffYuv
                0x8c06f4c0                tiffHdrWrite
                0x8c06fc28                BitRGB2ByteRGB
                0x8c06fac4                tiffYuv2SunplusYuv
 .text          0x8c06fe5c       0xa0 ../lib/libsnap.a(pb_init.o)
                0x8c06fed8                pbCbGet
                0x8c06fee8                pbErrGet
                0x8c06fe5c                pbInit
 .text          0x8c06fefc      0xa94 ../lib/libsnap.a(dramspecial.o)
                0x8c06ff3c                dramRotFlip
                0x8c06fefc                dramSpecialCntl
 .text          0x8c070990      0x840 ../lib/libsnap.a(uvsupp.o)
                0x8c070990                UVsupp
 .text          0x8c0711d0      0x210 ../lib/libsnap.a(snap_process.o)
                0x8c0711d0                snapPostProcess
                0x8c0713c0                snapPreProcess
 .text          0x8c0713e0       0xb8 ../lib/libsnap.a(snap_zoom.o)
                0x8c0713e0                snapDigiZoom
 .text          0x8c071498      0x490 ../lib/libdcf.a(dcf_dirop.o)
                0x8c071498                xdcfDirMake
                0x8c071768                xdcfDirRemove
                0x8c0718c0                xdcfAllDirRemove
                0x8c0717e4                xdcfDirCountGet
                0x8c07157c                xdcfDirChange
                0x8c071818                xdcfCurDirRemove
 .text          0x8c071928      0xa5c ../lib/libdcf.a(dcf_name.o)
                0x8c071928                xdcfNextDirNameGet
                0x8c071eec                xdcfNextMinDirIdxGet
                0x8c071cb8                xdcfFileIdxByNameGet
                0x8c072128                xdcfFileKindFind
                0x8c072084                xdcfFileTypeGet
                0x8c0719cc                xdcfNextFileNameGet
                0x8c0721f8                xdcfFileTypeAdd
                0x8c071dd0                isDCFDirname
                0x8c071fbc                xdcfNextMinFileIdxGet
                0x8c0722e4                xdcfDCIMFolderCreate
                0x8c071ba0                xdcfDirIdxByNameGet
                0x8c071e60                isDCFFilename
                0x8c0720e0                xdcfFileTypeByNameGet
 .text          0x8c072384      0x228 ../lib/libdcf.a(dcf_misc.o)
                0x8c072430                isDCFalnum
                0x8c07241c                isalpha
                0x8c072384                ltoa
                0x8c072490                xdcfTimeCompare
                0x8c072408                isdigit
                0x8c07256c                xdcfstrupr
                0x8c072488                xdcfErrPrint
 .text          0x8c0725ac      0x2ac ../lib/libdcf.a(dcf_init.o)
                0x8c07284c                xdcfCBGet
                0x8c072804                xdcfFileInit
                0x8c0727e4                xdcfDirInit
                0x8c0727ac                xdcfTerm
                0x8c072838                xdcfFileListGet
                0x8c0725ac                xdcfInit
                0x8c072824                xdcfDirListGet
 .text          0x8c072858      0x5f8 ../lib/libdcf.a(dcf_dcim.o)
                0x8c072c6c                xdcfCurRootDirSet
                0x8c072858                xdcfDCIMInit
                0x8c0729d4                xdcfChange2SubRoot
                0x8c072e28                xdcfCurRootDirSetExt
                0x8c072aa8                xdcfRootDirAdd
                0x8c07290c                xdcfChange2Root
                0x8c072878                xdcfIsRootDirFound
 .text          0x8c072e50      0x1c0 ../lib/libdcf.a(dcf_char.o)
                0x8c072e50                xdcfFreeCharsSet
                0x8c072f2c                xdcfLegalFreeCharsCheck
                0x8c072ed0                xdcfFreeCharsGet
 .text          0x8c073010      0x5ec ../lib/libdcf.a(dcf_attr.o)
                0x8c0734d8                xdcfFileAttrGet
                0x8c0731a4                xdcfCurDirAttrGet
                0x8c0733e8                xdcfCurFileAttrSet
                0x8c07335c                xdcfCurDirAttrSet
                0x8c073010                xdcfDirAttrCheck
                0x8c0730b0                xdcfFileAttrCheck
                0x8c07347c                xdcfCurFileAttrSetExt
                0x8c073280                xdcfCurFileAttrGet
 .text          0x8c0735fc      0x69c ../lib/libdcf.a(dcf_fileop.o)
                0x8c073b1c                xdcfFileCountGet
                0x8c0737c4                xdcfFileWrite
                0x8c073a04                xdcfAllFilesErase
                0x8c073768                xdcfFileRead
                0x8c073bac                xdcfFileCntByFileTypeGet
                0x8c0735fc                xdcfFileOpen
                0x8c07383c                xdcfFileClose
                0x8c073b50                xdcfTotalFileCountGet
                0x8c073b80                xdcfFileSizeGet
                0x8c07385c                xdcfOneFileErase
 .text          0x8c073c98      0x518 ../lib/libdcf.a(dcf_browse.o)
                0x8c074134                xdcfDirNameByIdxGet
                0x8c073fcc                xdcfCurFileByPosSet
                0x8c07404c                xdcfCurDirPosGet
                0x8c0740c0                xdcfCurFilePosGet
                0x8c073c98                xdcfCurDirByDirectSet
                0x8c073f4c                xdcfCurDirByPosSet
                0x8c073ee8                xdcfCurFileByNameSet
                0x8c073ec8                xdcfCurDirByNameSet
                0x8c073dcc                xdcfCurFileByDirectSet
 .text          0x8c0741b0      0x224 ../lib/libdcf.a(dcf_filter.o)
                0x8c0742dc                xdcfIsFilterMatch
                0x8c07426c                xdcfCurDirFilter
                0x8c0741b0                xdcfFilterSet
 .text          0x8c0743d4      0x1d8 ../lib/libdcf.a(dcf_nodeappend.o)
                0x8c0744c4                xdcfFileAddOne
                0x8c0743d4                xdcfDirAddOne